============================================================
TESTING OPENROUTER CONNECTION
============================================================
python : Traceback (most recent call 
last):
At line:1 char:1
+ python test_openrouter_simple.py > 
test_output.txt 2>&1 ; cat test_ou ...
+ ~~~~~~~~~~~~~~~~~~~~~~~~~~~~~~~~~~~~~~~~
~~~~~~~~~~~~~~~
    + CategoryInfo          : NotSpecifie 
   d: (Traceback (most recent call last)  
  ::String) [], RemoteException
    + FullyQualifiedErrorId : NativeComma 
   ndError
 
  File "D:\lead genius\backend\test_openro
uter_simple.py", line 16, in <module>
    print(f"\n\u2713 Client initialized 
successfully")
    ~~~~~^^^^^^^^^^^^^^^^^^^^^^^^^^^^^^^^^
^^^^^^^
  File "C:\Users\user\AppData\Local\Python
\pythoncore-3.14-64\Lib\encodings\cp1252.p
y", line 19, in encode
    return codecs.charmap_encode(input,sel
f.errors,encoding_table)[0]
           ~~~~~~~~~~~~~~~~~~~~~^^^^^^^^^^
^^^^^^^^^^^^^^^^^^^^^^^^
UnicodeEncodeError: 'charmap' codec can't 
encode character '\u2713' in position 2: 
character maps to <undefined>

During handling of the above exception, 
another exception occurred:

Traceback (most recent call last):
  File "D:\lead genius\backend\test_openro
uter_simple.py", line 35, in <module>
    print(f"\n\u274c ERROR: {str(e)}")
    ~~~~~^^^^^^^^^^^^^^^^^^^^^^^^^
  File "C:\Users\user\AppData\Local\Python
\pythoncore-3.14-64\Lib\encodings\cp1252.p
y", line 19, in encode
    return codecs.charmap_encode(input,sel
f.errors,encoding_table)[0]
           ~~~~~~~~~~~~~~~~~~~~~^^^^^^^^^^
^^^^^^^^^^^^^^^^^^^^^^^^
UnicodeEncodeError: 'charmap' codec can't 
encode character '\u274c' in position 2: 
character maps to <undefined>
